// Jest Snapshot v1, https://goo.gl/fbAQLP

exports[`snapshot test config 1`] = `
Object {
  "age": 456,
  "name": "lilei",
}
`;
